###############################################################################
#
# IAR ELF Linker V7.50.1.10123/W32 for ARM                28/Aug/2017  00:36:11
# Copyright 2007-2015 IAR Systems AB.
#
#    Output file  =  E:\work\test2\counter\EWARM\counter\Exe\counter.out
#    Map file     =  E:\work\test2\counter\EWARM\counter\List\counter.map
#    Command line =  
#        E:\work\test2\counter\EWARM\counter\Obj\api_lib.o
#        E:\work\test2\counter\EWARM\counter\Obj\api_msg.o
#        E:\work\test2\counter\EWARM\counter\Obj\arc4.o
#        E:\work\test2\counter\EWARM\counter\Obj\auth.o
#        E:\work\test2\counter\EWARM\counter\Obj\autoip.o
#        E:\work\test2\counter\EWARM\counter\Obj\ccp.o
#        E:\work\test2\counter\EWARM\counter\Obj\chap-md5.o
#        E:\work\test2\counter\EWARM\counter\Obj\chap-new.o
#        E:\work\test2\counter\EWARM\counter\Obj\chap_ms.o
#        E:\work\test2\counter\EWARM\counter\Obj\cmsis_os.o
#        E:\work\test2\counter\EWARM\counter\Obj\counter_if.o
#        E:\work\test2\counter\EWARM\counter\Obj\croutine.o
#        E:\work\test2\counter\EWARM\counter\Obj\def.o
#        E:\work\test2\counter\EWARM\counter\Obj\demand.o
#        E:\work\test2\counter\EWARM\counter\Obj\des.o
#        E:\work\test2\counter\EWARM\counter\Obj\dhcp.o
#        E:\work\test2\counter\EWARM\counter\Obj\dhcp6.o
#        E:\work\test2\counter\EWARM\counter\Obj\dns.o
#        E:\work\test2\counter\EWARM\counter\Obj\eap.o
#        E:\work\test2\counter\EWARM\counter\Obj\ecp.o
#        E:\work\test2\counter\EWARM\counter\Obj\err.o
#        E:\work\test2\counter\EWARM\counter\Obj\etharp.o
#        E:\work\test2\counter\EWARM\counter\Obj\ethernet.o
#        E:\work\test2\counter\EWARM\counter\Obj\ethernetif.o
#        E:\work\test2\counter\EWARM\counter\Obj\ethip6.o
#        E:\work\test2\counter\EWARM\counter\Obj\eui64.o
#        E:\work\test2\counter\EWARM\counter\Obj\event_groups.o
#        E:\work\test2\counter\EWARM\counter\Obj\freertos.o
#        E:\work\test2\counter\EWARM\counter\Obj\FreeRTOS_CLI.o
#        E:\work\test2\counter\EWARM\counter\Obj\fsm.o
#        E:\work\test2\counter\EWARM\counter\Obj\heap_4.o
#        E:\work\test2\counter\EWARM\counter\Obj\icmp.o
#        E:\work\test2\counter\EWARM\counter\Obj\icmp6.o
#        E:\work\test2\counter\EWARM\counter\Obj\igmp.o
#        E:\work\test2\counter\EWARM\counter\Obj\inet6.o
#        E:\work\test2\counter\EWARM\counter\Obj\inet_chksum.o
#        E:\work\test2\counter\EWARM\counter\Obj\init.o
#        E:\work\test2\counter\EWARM\counter\Obj\ip.o
#        E:\work\test2\counter\EWARM\counter\Obj\ip4.o
#        E:\work\test2\counter\EWARM\counter\Obj\ip4_addr.o
#        E:\work\test2\counter\EWARM\counter\Obj\ip4_frag.o
#        E:\work\test2\counter\EWARM\counter\Obj\ip6.o
#        E:\work\test2\counter\EWARM\counter\Obj\ip6_addr.o
#        E:\work\test2\counter\EWARM\counter\Obj\ip6_frag.o
#        E:\work\test2\counter\EWARM\counter\Obj\ipcp.o
#        E:\work\test2\counter\EWARM\counter\Obj\ipv6cp.o
#        E:\work\test2\counter\EWARM\counter\Obj\lcp.o
#        E:\work\test2\counter\EWARM\counter\Obj\list.o
#        E:\work\test2\counter\EWARM\counter\Obj\lowpan6.o
#        E:\work\test2\counter\EWARM\counter\Obj\lwip.o
#        E:\work\test2\counter\EWARM\counter\Obj\magic.o
#        E:\work\test2\counter\EWARM\counter\Obj\main.o
#        E:\work\test2\counter\EWARM\counter\Obj\md4.o
#        E:\work\test2\counter\EWARM\counter\Obj\md5.o
#        E:\work\test2\counter\EWARM\counter\Obj\mem.o
#        E:\work\test2\counter\EWARM\counter\Obj\memp.o
#        E:\work\test2\counter\EWARM\counter\Obj\mld6.o
#        E:\work\test2\counter\EWARM\counter\Obj\mppe.o
#        E:\work\test2\counter\EWARM\counter\Obj\multilink.o
#        E:\work\test2\counter\EWARM\counter\Obj\nd6.o
#        E:\work\test2\counter\EWARM\counter\Obj\netbuf.o
#        E:\work\test2\counter\EWARM\counter\Obj\netdb.o
#        E:\work\test2\counter\EWARM\counter\Obj\netif.o
#        E:\work\test2\counter\EWARM\counter\Obj\netifapi.o
#        E:\work\test2\counter\EWARM\counter\Obj\pbuf.o
#        E:\work\test2\counter\EWARM\counter\Obj\port.o
#        E:\work\test2\counter\EWARM\counter\Obj\portasm.o
#        E:\work\test2\counter\EWARM\counter\Obj\ppp.o
#        E:\work\test2\counter\EWARM\counter\Obj\pppapi.o
#        E:\work\test2\counter\EWARM\counter\Obj\pppcrypt.o
#        E:\work\test2\counter\EWARM\counter\Obj\pppoe.o
#        E:\work\test2\counter\EWARM\counter\Obj\pppol2tp.o
#        E:\work\test2\counter\EWARM\counter\Obj\pppos.o
#        E:\work\test2\counter\EWARM\counter\Obj\queue.o
#        E:\work\test2\counter\EWARM\counter\Obj\raw.o
#        E:\work\test2\counter\EWARM\counter\Obj\serial.o
#        E:\work\test2\counter\EWARM\counter\Obj\sha1.o
#        E:\work\test2\counter\EWARM\counter\Obj\shell.o
#        E:\work\test2\counter\EWARM\counter\Obj\slipif.o
#        E:\work\test2\counter\EWARM\counter\Obj\sockets.o
#        E:\work\test2\counter\EWARM\counter\Obj\startup_stm32f107xc.o
#        E:\work\test2\counter\EWARM\counter\Obj\stats.o
#        E:\work\test2\counter\EWARM\counter\Obj\stm32f1xx_hal.o
#        E:\work\test2\counter\EWARM\counter\Obj\stm32f1xx_hal_cortex.o
#        E:\work\test2\counter\EWARM\counter\Obj\stm32f1xx_hal_dma.o
#        E:\work\test2\counter\EWARM\counter\Obj\stm32f1xx_hal_eth.o
#        E:\work\test2\counter\EWARM\counter\Obj\stm32f1xx_hal_flash.o
#        E:\work\test2\counter\EWARM\counter\Obj\stm32f1xx_hal_flash_ex.o
#        E:\work\test2\counter\EWARM\counter\Obj\stm32f1xx_hal_gpio.o
#        E:\work\test2\counter\EWARM\counter\Obj\stm32f1xx_hal_gpio_ex.o
#        E:\work\test2\counter\EWARM\counter\Obj\stm32f1xx_hal_msp.o
#        E:\work\test2\counter\EWARM\counter\Obj\stm32f1xx_hal_pwr.o
#        E:\work\test2\counter\EWARM\counter\Obj\stm32f1xx_hal_rcc.o
#        E:\work\test2\counter\EWARM\counter\Obj\stm32f1xx_hal_rcc_ex.o
#        E:\work\test2\counter\EWARM\counter\Obj\stm32f1xx_hal_tim.o
#        E:\work\test2\counter\EWARM\counter\Obj\stm32f1xx_hal_tim_ex.o
#        E:\work\test2\counter\EWARM\counter\Obj\stm32f1xx_hal_uart.o
#        E:\work\test2\counter\EWARM\counter\Obj\stm32f1xx_it.o
#        E:\work\test2\counter\EWARM\counter\Obj\sys.o
#        E:\work\test2\counter\EWARM\counter\Obj\sys_arch.o
#        E:\work\test2\counter\EWARM\counter\Obj\system_stm32f1xx.o
#        E:\work\test2\counter\EWARM\counter\Obj\tasks.o
#        E:\work\test2\counter\EWARM\counter\Obj\tcp.o
#        E:\work\test2\counter\EWARM\counter\Obj\tcp_in.o
#        E:\work\test2\counter\EWARM\counter\Obj\tcp_out.o
#        E:\work\test2\counter\EWARM\counter\Obj\tcpip.o
#        E:\work\test2\counter\EWARM\counter\Obj\timeouts.o
#        E:\work\test2\counter\EWARM\counter\Obj\timers.o
#        E:\work\test2\counter\EWARM\counter\Obj\udp.o
#        E:\work\test2\counter\EWARM\counter\Obj\upap.o
#        E:\work\test2\counter\EWARM\counter\Obj\utils.o
#        E:\work\test2\counter\EWARM\counter\Obj\vj.o --redirect
#        _Printf=_PrintfFull --redirect _Scanf=_ScanfFull -o
#        E:\work\test2\counter\EWARM\counter\Exe\counter.out --map
#        E:\work\test2\counter\EWARM\counter\List\counter.map --config
#        E:\work\test2\counter\EWARM/stm32f107xc_flash.icf --semihosting
#        --entry __iar_program_start --vfe
#
###############################################################################

*******************************************************************************
*** RUNTIME MODEL ATTRIBUTES
***

CppFlavor       = *
__SystemLibrary = DLib


*******************************************************************************
*** PLACEMENT SUMMARY
***

"A1":  place at 0x08000000 { ro section .intvec };
"P1":  place in [from 0x08000000 to 0x0803ffff] { ro };
"P2":  place in [from 0x20000000 to 0x2000ffff] { rw, block CSTACK, block HEAP };

  Section             Kind        Address    Size  Object
  -------             ----        -------    ----  ------
"A1":                                       0x150
  .intvec             ro code  0x08000000   0x150  startup_stm32f107xc.o [1]
                             - 0x08000150   0x150

"P1":                                      0xc732
  .text               ro code  0x08000150  0x191c  tcp_in.o [1]
  .text               ro code  0x08001a6c    0x50  ip4_addr.o [1]
  .text               ro code  0x08001abc    0x26  def.o [1]
  .text               ro code  0x08001ae4   0x686  pbuf.o [1]
  .text               ro code  0x0800216c   0xc80  tcp.o [1]
  .text               ro code  0x08002dec    0xe4  memp.o [1]
  .text               ro code  0x08002ed0   0x96a  tcp_out.o [1]
  .text               ro code  0x0800383c   0x290  timeouts.o [1]
  .text               ro code  0x08003acc   0x17c  sys_arch.o [1]
  .text               ro code  0x08003c48   0x1a4  tcpip.o [1]
  .text               ro code  0x08003dec   0x3c4  mem.o [1]
  .text               ro code  0x080041b0    0x76  ABImemcpy_unaligned.o [4]
  .text               ro code  0x08004228    0x66  ABImemset.o [4]
  .text               ro code  0x08004290   0x3f4  ip4.o [1]
  .text               ro code  0x08004684   0x538  ethernetif.o [1]
  .text               ro code  0x08004bbc   0x3c0  cmsis_os.o [1]
  .text               ro code  0x08004f7c     0x6  ABImemclr4.o [4]
  .text               ro code  0x08004f82    0x20  init.o [1]
  .text               ro code  0x08004fa4   0x798  ip4_frag.o [1]
  .text               ro code  0x0800573c   0x544  udp.o [1]
  .text               ro code  0x08005c80   0x26a  icmp.o [1]
  .text               ro code  0x08005eec   0x2fc  stm32f1xx_hal_gpio.o [1]
  .text               ro code  0x080061e8   0x15c  stm32f1xx_hal_cortex.o [1]
  .text               ro code  0x08006344   0xae4  stm32f1xx_hal_eth.o [1]
  .text               ro code  0x08006e28    0x84  stm32f1xx_hal.o [1]
  .text               ro code  0x08006eac   0xae0  tasks.o [1]
  .text               ro code  0x0800798c   0x954  queue.o [1]
  .text               ro code  0x080082e0   0x1fc  port.o [1]
  .text               ro code  0x080084dc    0x32  ABImemset48.o [4]
  .text               ro code  0x08008510   0x1b4  netif.o [1]
  .text               ro code  0x080086c4   0x85c  stm32f1xx_hal_rcc.o [1]
  .text               ro code  0x08008f20   0x150  stm32f1xx_hal_msp.o [1]
  .text               ro code  0x08009070   0x280  heap_4.o [1]
  .text               ro code  0x080092f0    0x9e  list.o [1]
  CODE                ro code  0x08009390    0x88  portasm.o [1]
  .text               ro code  0x08009418   0xa44  etharp.o [1]
  .text               ro code  0x08009e5c   0x144  ethernet.o [1]
  .text               ro code  0x08009fa0  0x12b6  dhcp.o [1]
  .text               ro code  0x0800b258    0x62  memcmp_unaligned.o [4]
  .text               ro code  0x0800b2bc    0xe0  rand.o [3]
  .text               ro code  0x0800b39c     0x2  xtls.o [3]
  .text               ro code  0x0800b3a0   0x44c  stm32f1xx_hal_uart.o [1]
  .text               ro code  0x0800b7ec   0x2c0  serial.o [1]
  .text               ro code  0x0800baac    0x24  ABIassert.o [5]
  .text               ro code  0x0800bad0     0x6  abort.o [3]
  .text               ro code  0x0800bad8    0x14  exit.o [5]
  .text               ro code  0x0800baec   0x22a  main.o [1]
  .text               ro code  0x0800bd18   0x1d0  shell.o [1]
  .text               ro code  0x0800bee8    0x74  lwip.o [1]
  .text               ro code  0x0800bf5c   0x174  FreeRTOS_CLI.o [1]
  .text               ro code  0x0800c0d0    0x36  strlen.o [4]
  .text               ro code  0x0800c108    0x44  strcpy_unaligned.o [4]
  .text               ro code  0x0800c14c    0x28  strncmp.o [3]
  .text               ro code  0x0800c174    0x6c  strncpy_unaligned.o [4]
  .text               ro code  0x0800c1e0    0x7c  system_stm32f1xx.o [1]
  .rodata             const    0x0800c25c    0x58  FreeRTOS_CLI.o [1]
  .rodata             const    0x0800c2b4    0x50  FreeRTOS_CLI.o [1]
  .rodata             const    0x0800c304    0x50  shell.o [1]
  .text               ro code  0x0800c354    0x40  zero_init3.o [4]
  .rodata             const    0x0800c394    0x3c  shell.o [1]
  .text               ro code  0x0800c3d0    0x38  packbits_init_single.o [4]
  .rodata             const    0x0800c408    0x34  memp.o [1]
  .rodata             const    0x0800c43c    0x30  FreeRTOS_CLI.o [1]
  .rodata             const    0x0800c46c    0x28  timeouts.o [1]
  .text               ro code  0x0800c494    0x28  stm32f1xx_it.o [1]
  .text               ro code  0x0800c4bc    0x28  data_init.o [4]
  .rodata             const    0x0800c4e4    0x24  main.o [1]
  .rodata             const    0x0800c508    0x24  serial.o [1]
  .iar.init_table     const    0x0800c52c    0x20  - Linker created -
  .text               ro code  0x0800c54c    0x1a  cmain.o [4]
  .text               ro code  0x0800c566     0x4  low_level_init.o [3]
  .text               ro code  0x0800c56a     0x4  exit.o [3]
  .text               ro code  0x0800c570     0xa  cexit.o [4]
  .rodata             const    0x0800c57c    0x14  ethernetif.o [1]
  .rodata             const    0x0800c590    0x14  main.o [1]
  .rodata             const    0x0800c5a4    0x14  shell.o [1]
  .rodata             const    0x0800c5b8    0x10  FreeRTOS_CLI.o [1]
  .rodata             const    0x0800c5c8    0x10  serial.o [1]
  .rodata             const    0x0800c5d8    0x10  stm32f1xx_hal_rcc.o [1]
  .rodata             const    0x0800c5e8    0x10  stm32f1xx_hal_rcc.o [1]
  .rodata             const    0x0800c5f8    0x10  system_stm32f1xx.o [1]
  .rodata             const    0x0800c608    0x10  tcp.o [1]
  .rodata             const    0x0800c618    0x10  tcp.o [1]
  .rodata             const    0x0800c628    0x10  tcpip.o [1]
  .text               ro code  0x0800c638    0x10  startup_stm32f107xc.o [1]
  .rodata             const    0x0800c648     0xc  main.o [1]
  .rodata             const    0x0800c654     0xc  memp.o [1]
  .rodata             const    0x0800c660     0xc  memp.o [1]
  .rodata             const    0x0800c66c     0xc  memp.o [1]
  .rodata             const    0x0800c678     0xc  memp.o [1]
  .rodata             const    0x0800c684     0xc  memp.o [1]
  .rodata             const    0x0800c690     0xc  memp.o [1]
  .rodata             const    0x0800c69c     0xc  memp.o [1]
  .rodata             const    0x0800c6a8     0xc  memp.o [1]
  .rodata             const    0x0800c6b4     0xc  memp.o [1]
  .rodata             const    0x0800c6c0     0xc  memp.o [1]
  .rodata             const    0x0800c6cc     0xc  memp.o [1]
  .rodata             const    0x0800c6d8     0xc  memp.o [1]
  .rodata             const    0x0800c6e4     0xc  memp.o [1]
  .rodata             const    0x0800c6f0     0xc  shell.o [1]
  .text               ro code  0x0800c6fc     0xc  cstartup_M.o [4]
  .rodata             const    0x0800c708     0x8  ethernet.o [1]
  .rodata             const    0x0800c710     0x8  ethernet.o [1]
  .rodata             const    0x0800c718     0x8  ethernetif.o [1]
  .rodata             const    0x0800c720     0x8  FreeRTOS_CLI.o [1]
  .rodata             const    0x0800c728     0x8  sys_arch.o [1]
  .rodata             const    0x0800c730     0x8  system_stm32f1xx.o [1]
  .rodata             const    0x0800c738     0x8  tasks.o [1]
  .rodata             const    0x0800c740     0x8  tcp.o [1]
  .rodata             const    0x0800c748     0x4  ethernetif.o [1]
  .rodata             const    0x0800c74c     0x4  heap_4.o [1]
  .rodata             const    0x0800c750     0x4  ip4_addr.o [1]
  .rodata             const    0x0800c754     0x4  ip4_addr.o [1]
  .rodata             const    0x0800c758     0x4  port.o [1]
  .rodata             const    0x0800c75c     0x4  shell.o [1]
  .rodata             const    0x0800c760     0x4  shell.o [1]
  .rodata             const    0x0800c764     0x4  shell.o [1]
  .rodata             const    0x0800c768     0x4  shell.o [1]
  .rodata             const    0x0800c76c     0x4  sys_arch.o [1]
  .rodata             const    0x0800c770     0x4  sys_arch.o [1]
  .text               ro code  0x0800c774     0x4  startup_stm32f107xc.o [1]
  .text               ro code  0x0800c778     0x4  startup_stm32f107xc.o [1]
  .text               ro code  0x0800c77c     0x4  startup_stm32f107xc.o [1]
  .text               ro code  0x0800c780     0x4  startup_stm32f107xc.o [1]
  .text               ro code  0x0800c784     0x4  startup_stm32f107xc.o [1]
  .text               ro code  0x0800c788     0x4  startup_stm32f107xc.o [1]
  .text               ro code  0x0800c78c     0x4  startup_stm32f107xc.o [1]
  .text               ro code  0x0800c790     0x4  startup_stm32f107xc.o [1]
  .text               ro code  0x0800c794     0x4  startup_stm32f107xc.o [1]
  .text               ro code  0x0800c798     0x4  startup_stm32f107xc.o [1]
  .text               ro code  0x0800c79c     0x4  startup_stm32f107xc.o [1]
  .text               ro code  0x0800c7a0     0x4  startup_stm32f107xc.o [1]
  .text               ro code  0x0800c7a4     0x4  startup_stm32f107xc.o [1]
  .text               ro code  0x0800c7a8     0x4  startup_stm32f107xc.o [1]
  .text               ro code  0x0800c7ac     0x4  startup_stm32f107xc.o [1]
  .text               ro code  0x0800c7b0     0x4  startup_stm32f107xc.o [1]
  .text               ro code  0x0800c7b4     0x4  startup_stm32f107xc.o [1]
  .text               ro code  0x0800c7b8     0x4  startup_stm32f107xc.o [1]
  .text               ro code  0x0800c7bc     0x4  startup_stm32f107xc.o [1]
  .text               ro code  0x0800c7c0     0x4  startup_stm32f107xc.o [1]
  .text               ro code  0x0800c7c4     0x4  startup_stm32f107xc.o [1]
  .text               ro code  0x0800c7c8     0x4  startup_stm32f107xc.o [1]
  .text               ro code  0x0800c7cc     0x4  startup_stm32f107xc.o [1]
  .text               ro code  0x0800c7d0     0x4  startup_stm32f107xc.o [1]
  .text               ro code  0x0800c7d4     0x4  startup_stm32f107xc.o [1]
  .text               ro code  0x0800c7d8     0x4  startup_stm32f107xc.o [1]
  .text               ro code  0x0800c7dc     0x4  startup_stm32f107xc.o [1]
  .text               ro code  0x0800c7e0     0x4  startup_stm32f107xc.o [1]
  .text               ro code  0x0800c7e4     0x4  startup_stm32f107xc.o [1]
  .text               ro code  0x0800c7e8     0x4  startup_stm32f107xc.o [1]
  .text               ro code  0x0800c7ec     0x4  startup_stm32f107xc.o [1]
  .text               ro code  0x0800c7f0     0x4  startup_stm32f107xc.o [1]
  .text               ro code  0x0800c7f4     0x4  startup_stm32f107xc.o [1]
  .text               ro code  0x0800c7f8     0x4  startup_stm32f107xc.o [1]
  .text               ro code  0x0800c7fc     0x4  startup_stm32f107xc.o [1]
  .text               ro code  0x0800c800     0x4  startup_stm32f107xc.o [1]
  .text               ro code  0x0800c804     0x4  startup_stm32f107xc.o [1]
  .text               ro code  0x0800c808     0x4  startup_stm32f107xc.o [1]
  .text               ro code  0x0800c80c     0x4  startup_stm32f107xc.o [1]
  .text               ro code  0x0800c810     0x4  startup_stm32f107xc.o [1]
  .text               ro code  0x0800c814     0x4  startup_stm32f107xc.o [1]
  .text               ro code  0x0800c818     0x4  startup_stm32f107xc.o [1]
  .text               ro code  0x0800c81c     0x4  startup_stm32f107xc.o [1]
  .text               ro code  0x0800c820     0x4  startup_stm32f107xc.o [1]
  .text               ro code  0x0800c824     0x4  startup_stm32f107xc.o [1]
  .text               ro code  0x0800c828     0x4  startup_stm32f107xc.o [1]
  .text               ro code  0x0800c82c     0x4  startup_stm32f107xc.o [1]
  .text               ro code  0x0800c830     0x4  startup_stm32f107xc.o [1]
  .text               ro code  0x0800c834     0x4  startup_stm32f107xc.o [1]
  .text               ro code  0x0800c838     0x4  startup_stm32f107xc.o [1]
  .text               ro code  0x0800c83c     0x4  startup_stm32f107xc.o [1]
  .text               ro code  0x0800c840     0x4  startup_stm32f107xc.o [1]
  .text               ro code  0x0800c844     0x4  startup_stm32f107xc.o [1]
  .text               ro code  0x0800c848     0x4  startup_stm32f107xc.o [1]
  .text               ro code  0x0800c84c     0x4  startup_stm32f107xc.o [1]
  .text               ro code  0x0800c850     0x4  startup_stm32f107xc.o [1]
  .text               ro code  0x0800c854     0x4  startup_stm32f107xc.o [1]
  .text               ro code  0x0800c858     0x4  startup_stm32f107xc.o [1]
  .text               ro code  0x0800c85c     0x4  startup_stm32f107xc.o [1]
  .text               ro code  0x0800c860     0x4  startup_stm32f107xc.o [1]
  .rodata             const    0x0800c864     0x0  zero_init3.o [4]
  .rodata             const    0x0800c864     0x0  packbits_init_single.o [4]
  Initializer bytes   const    0x0800c864    0x1e  <for P2-1>
                             - 0x0800c882  0xc732

"P2", part 1 of 3:                           0xa6
  P2-1                         0x20000000    0xa6  <Init block>
    .data             inited   0x20000000     0x4  dhcp.o [1]
    .data             inited   0x20000004     0x8  FreeRTOS_CLI.o [1]
    .data             inited   0x2000000c     0x4  port.o [1]
    .data             inited   0x20000010     0x4  system_stm32f1xx.o [1]
    .data             inited   0x20000014     0x4  tcp.o [1]
    __DLIB_PERTHREAD  inited   0x20000018    0x8c  rand.o [3]
    .data             inited   0x200000a4     0x2  udp.o [1]
                             - 0x200000a6    0xa6

"P2", part 2 of 3:                          0x400
  CSTACK                       0x200000a8   0x400  <Block>
    CSTACK            uninit   0x200000a8   0x400  <Block tail>
                             - 0x200004a8   0x400

"P2", part 3 of 3:                         0x9650
  .bss                zero     0x200004a8  0x2fa0  ethernetif.o [1]
  .bss                zero     0x20003448  0x2604  memp.o [1]
  .bss                zero     0x20005a4c  0x17d0  ethernetif.o [1]
  .bss                zero     0x2000721c  0x1000  heap_4.o [1]
  .bss                zero     0x2000821c   0x654  mem.o [1]
  .bss                zero     0x20008870   0x2fc  memp.o [1]
  .bss                zero     0x20008b6c   0x200  FreeRTOS_CLI.o [1]
  .bss                zero     0x20008d6c   0x16c  memp.o [1]
  .bss                zero     0x20008ed8   0x104  memp.o [1]
  .bss                zero     0x20008fdc   0x104  memp.o [1]
  .bss                zero     0x200090e0    0xf0  etharp.o [1]
  .bss                zero     0x200091d0    0xe4  memp.o [1]
  .bss                zero     0x200092b4    0xb4  memp.o [1]
  .bss                zero     0x20009368    0xa4  memp.o [1]
  .bss                zero     0x2000940c    0x8c  tasks.o [1]
  .bss                zero     0x20009498    0x84  memp.o [1]
  .bss                zero     0x2000951c    0x84  memp.o [1]
  .bss                zero     0x200095a0    0x84  memp.o [1]
  .bss                zero     0x20009624    0x80  ethernetif.o [1]
  .bss                zero     0x200096a4    0x54  memp.o [1]
  .bss                zero     0x200096f8    0x48  ethernetif.o [1]
  .bss                zero     0x20009740    0x40  ethernetif.o [1]
  .bss                zero     0x20009780    0x40  main.o [1]
  .bss                zero     0x200097c0    0x40  main.o [1]
  .bss                zero     0x20009800    0x40  queue.o [1]
  .bss                zero     0x20009840    0x34  lwip.o [1]
  .bss                zero     0x20009874    0x34  shell.o [1]
  .bss                zero     0x200098a8    0x34  shell.o [1]
  .bss                zero     0x200098dc    0x28  dhcp.o [1]
  .bss                zero     0x20009904    0x24  memp.o [1]
  .bss                zero     0x20009928    0x18  ip.o [1]
  .bss                zero     0x20009940    0x14  tasks.o [1]
  .bss                zero     0x20009954    0x14  tasks.o [1]
  .bss                zero     0x20009968    0x14  tasks.o [1]
  .bss                zero     0x2000997c    0x14  tasks.o [1]
  .bss                zero     0x20009990    0x14  tasks.o [1]
  .bss                zero     0x200099a4    0x10  tcp_in.o [1]
  .bss                zero     0x200099b4     0xc  dhcp.o [1]
  .bss                zero     0x200099c0     0x8  heap_4.o [1]
  .bss                zero     0x200099c8     0x4  dhcp.o [1]
  .bss                zero     0x200099cc     0x4  dhcp.o [1]
  .bss                zero     0x200099d0     0x4  ethernetif.o [1]
  .bss                zero     0x200099d4     0x4  FreeRTOS_CLI.o [1]
  .bss                zero     0x200099d8     0x4  FreeRTOS_CLI.o [1]
  .bss                zero     0x200099dc     0x4  heap_4.o [1]
  .bss                zero     0x200099e0     0x4  heap_4.o [1]
  .bss                zero     0x200099e4     0x4  heap_4.o [1]
  .bss                zero     0x200099e8     0x4  heap_4.o [1]
  .bss                zero     0x200099ec     0x4  ip4_frag.o [1]
  .bss                zero     0x200099f0     0x4  lwip.o [1]
  .bss                zero     0x200099f4     0x4  lwip.o [1]
  .bss                zero     0x200099f8     0x4  lwip.o [1]
  .bss                zero     0x200099fc     0x4  main.o [1]
  .bss                zero     0x20009a00     0x4  mem.o [1]
  .bss                zero     0x20009a04     0x4  mem.o [1]
  .bss                zero     0x20009a08     0x4  mem.o [1]
  .bss                zero     0x20009a0c     0x4  mem.o [1]
  .bss                zero     0x20009a10     0x4  memp.o [1]
  .bss                zero     0x20009a14     0x4  memp.o [1]
  .bss                zero     0x20009a18     0x4  memp.o [1]
  .bss                zero     0x20009a1c     0x4  memp.o [1]
  .bss                zero     0x20009a20     0x4  memp.o [1]
  .bss                zero     0x20009a24     0x4  memp.o [1]
  .bss                zero     0x20009a28     0x4  memp.o [1]
  .bss                zero     0x20009a2c     0x4  memp.o [1]
  .bss                zero     0x20009a30     0x4  memp.o [1]
  .bss                zero     0x20009a34     0x4  memp.o [1]
  .bss                zero     0x20009a38     0x4  memp.o [1]
  .bss                zero     0x20009a3c     0x4  memp.o [1]
  .bss                zero     0x20009a40     0x4  memp.o [1]
  .bss                zero     0x20009a44     0x4  netif.o [1]
  .bss                zero     0x20009a48     0x4  netif.o [1]
  .bss                zero     0x20009a4c     0x4  port.o [1]
  .bss                zero     0x20009a50     0x4  stm32f1xx_hal.o [1]
  .bss                zero     0x20009a54     0x4  sys_arch.o [1]
  .bss                zero     0x20009a58     0x4  tasks.o [1]
  .bss                zero     0x20009a5c     0x4  tasks.o [1]
  .bss                zero     0x20009a60     0x4  tasks.o [1]
  .bss                zero     0x20009a64     0x4  tasks.o [1]
  .bss                zero     0x20009a68     0x4  tasks.o [1]
  .bss                zero     0x20009a6c     0x4  tasks.o [1]
  .bss                zero     0x20009a70     0x4  tasks.o [1]
  .bss                zero     0x20009a74     0x4  tasks.o [1]
  .bss                zero     0x20009a78     0x4  tasks.o [1]
  .bss                zero     0x20009a7c     0x4  tasks.o [1]
  .bss                zero     0x20009a80     0x4  tasks.o [1]
  .bss                zero     0x20009a84     0x4  tasks.o [1]
  .bss                zero     0x20009a88     0x4  tasks.o [1]
  .bss                zero     0x20009a8c     0x4  tasks.o [1]
  .bss                zero     0x20009a90     0x4  tasks.o [1]
  .bss                zero     0x20009a94     0x4  tcp.o [1]
  .bss                zero     0x20009a98     0x4  tcp.o [1]
  .bss                zero     0x20009a9c     0x4  tcp.o [1]
  .bss                zero     0x20009aa0     0x4  tcp.o [1]
  .bss                zero     0x20009aa4     0x4  tcp.o [1]
  .bss                zero     0x20009aa8     0x4  tcp_in.o [1]
  .bss                zero     0x20009aac     0x4  tcp_in.o [1]
  .bss                zero     0x20009ab0     0x4  tcp_in.o [1]
  .bss                zero     0x20009ab4     0x4  tcp_in.o [1]
  .bss                zero     0x20009ab8     0x4  tcp_in.o [1]
  .bss                zero     0x20009abc     0x4  tcp_in.o [1]
  .bss                zero     0x20009ac0     0x4  tcpip.o [1]
  .bss                zero     0x20009ac4     0x4  tcpip.o [1]
  .bss                zero     0x20009ac8     0x4  tcpip.o [1]
  .bss                zero     0x20009acc     0x4  tcpip.o [1]
  .bss                zero     0x20009ad0     0x4  timeouts.o [1]
  .bss                zero     0x20009ad4     0x4  timeouts.o [1]
  .bss                zero     0x20009ad8     0x4  timeouts.o [1]
  .bss                zero     0x20009adc     0x4  udp.o [1]
  .bss                zero     0x20009ae0     0x2  ip4.o [1]
  .bss                zero     0x20009ae2     0x2  ip4_frag.o [1]
  .bss                zero     0x20009ae4     0x2  tcp_in.o [1]
  .bss                zero     0x20009ae6     0x2  tcp_in.o [1]
  .bss                zero     0x20009ae8     0x2  tcp_in.o [1]
  .bss                zero     0x20009aea     0x2  tcp_in.o [1]
  .bss                zero     0x20009aec     0x2  tcp_in.o [1]
  .bss                zero     0x20009aee     0x1  dhcp.o [1]
  .bss                zero     0x20009aef     0x1  etharp.o [1]
  .bss                zero     0x20009af0     0x1  netif.o [1]
  .bss                zero     0x20009af1     0x1  pbuf.o [1]
  .bss                zero     0x20009af2     0x1  port.o [1]
  .bss                zero     0x20009af3     0x1  tcp.o [1]
  .bss                zero     0x20009af4     0x1  tcp.o [1]
  .bss                zero     0x20009af5     0x1  tcp.o [1]
  .bss                zero     0x20009af6     0x1  tcp_in.o [1]
  .bss                zero     0x20009af7     0x1  tcp_in.o [1]
                             - 0x20009af8  0x9650


*******************************************************************************
*** INIT TABLE
***

          Address     Size
          -------     ----
Zero (__iar_zero_init3)
    1 destination range, total size 0x9650:
          0x200004a8  0x9650

Copy/packbits (__iar_packbits_init_single3)
    1 source range, total size 0x1e (18% of destination):
          0x0800c864    0x1e
    1 destination range, total size 0xa6:
          0x20000000    0xa6



*******************************************************************************
*** MODULE SUMMARY
***

    Module                  ro code  ro data  rw data
    ------                  -------  -------  -------
E:\work\test2\counter\EWARM\counter\Obj: [1]
    FreeRTOS_CLI.o              372      242      528
    cmsis_os.o                  960
    def.o                        38
    dhcp.o                    4 790                65
    etharp.o                  2 628               241
    ethernet.o                  324       16
    ethernetif.o              1 336       32   18 556
    heap_4.o                    640        4    4 120
    icmp.o                      618
    init.o                       32
    ip.o                                           24
    ip4.o                     1 012                 2
    ip4_addr.o                   80        8
    ip4_frag.o                1 944                 6
    list.o                      158
    lwip.o                      116                64
    main.o                      554       68      132
    mem.o                       964             1 636
    memp.o                      228      208   12 520
    netif.o                     436                 9
    pbuf.o                    1 670                 1
    port.o                      508        4        9
    portasm.o                   136
    queue.o                   2 388                64
    serial.o                    704       52
    shell.o                     464      188      104
    startup_stm32f107xc.o       592
    stm32f1xx_hal.o             132                 4
    stm32f1xx_hal_cortex.o      348
    stm32f1xx_hal_eth.o       2 788
    stm32f1xx_hal_gpio.o        764
    stm32f1xx_hal_msp.o         336
    stm32f1xx_hal_rcc.o       2 140       32
    stm32f1xx_hal_uart.o      1 100
    stm32f1xx_it.o               40
    sys_arch.o                  380       16        4
    system_stm32f1xx.o          124       25        4
    tasks.o                   2 784        8      300
    tcp.o                     3 200       41       27
    tcp_in.o                  6 428                52
    tcp_out.o                 2 410
    tcpip.o                     420       16       16
    timeouts.o                  656       40       12
    udp.o                     1 348        1        6
    -------------------------------------------------
    Total:                   49 090    1 001   38 506

command line: [2]
    -------------------------------------------------
    Total:

dl7M_tlf.a: [3]
    abort.o                       6
    exit.o                        4
    low_level_init.o              4
    rand.o                      224       25      140
    strncmp.o                    40
    xtls.o                        2
    -------------------------------------------------
    Total:                      280       25      140

rt7M_tl.a: [4]
    ABImemclr4.o                  6
    ABImemcpy_unaligned.o       118
    ABImemset.o                 102
    ABImemset48.o                50
    cexit.o                      10
    cmain.o                      26
    cstartup_M.o                 12
    data_init.o                  40
    memcmp_unaligned.o           98
    packbits_init_single.o       56
    strcpy_unaligned.o           68
    strlen.o                     54
    strncpy_unaligned.o         108
    zero_init3.o                 64
    -------------------------------------------------
    Total:                      812

shb_l.a: [5]
    ABIassert.o                  36
    exit.o                       20
    -------------------------------------------------
    Total:                       56

    Gaps                         32        2
    Linker created                        32    1 024
-----------------------------------------------------
    Grand Total:             50 270    1 060   39 670


*******************************************************************************
*** ENTRY LIST
***

Entry                      Address    Size  Type      Object
-----                      -------    ----  ----      ------
.iar.init_table$$Base   0x0800c52c           --   Gb  - Linker created -
.iar.init_table$$Limit  0x0800c54c           --   Gb  - Linker created -
?main                   0x0800c54d          Code  Gb  cmain.o [4]
AHBPrescTable           0x0800c5f8    0x10  Data  Gb  system_stm32f1xx.o [1]
APBPrescTable           0x0800c730     0x8  Data  Gb  system_stm32f1xx.o [1]
BusFault_Handler        0x0800c49b     0x2  Code  Gb  stm32f1xx_it.o [1]
CSTACK$$Base            0x200000a8           --   Gb  - Linker created -
CSTACK$$Limit           0x200004a8           --   Gb  - Linker created -
DMARxDscrTab            0x20009624    0x80  Data  Gb  ethernetif.o [1]
DMATxDscrTab            0x20009740    0x40  Data  Gb  ethernetif.o [1]
DebugMon_Handler        0x0800c49f     0x2  Code  Gb  stm32f1xx_it.o [1]
ETH_DMAReceptionEnable  0x08006d8b    0x16  Code  Lc  stm32f1xx_hal_eth.o [1]
ETH_DMATransmissionEnable
                        0x08006d75    0x16  Code  Lc  stm32f1xx_hal_eth.o [1]
ETH_Delay               0x08006ddb    0x26  Code  Lc  stm32f1xx_hal_eth.o [1]
ETH_FlushTransmitFIFO   0x08006da1    0x3a  Code  Lc  stm32f1xx_hal_eth.o [1]
ETH_IRQHandler          0x0800c4ad     0xa  Code  Gb  stm32f1xx_it.o [1]
ETH_MACAddressConfig    0x08006cf3    0x2e  Code  Lc  stm32f1xx_hal_eth.o [1]
ETH_MACDMAConfig        0x08006a6f   0x284  Code  Lc  stm32f1xx_hal_eth.o [1]
ETH_MACReceptionEnable  0x08006d4b    0x2a  Code  Lc  stm32f1xx_hal_eth.o [1]
ETH_MACTransmissionEnable
                        0x08006d21    0x2a  Code  Lc  stm32f1xx_hal_eth.o [1]
FreeRTOS_CLIGetOutputBuffer
                        0x0800c03d     0x4  Code  Gb  FreeRTOS_CLI.o [1]
FreeRTOS_CLIProcessCommand
                        0x0800bf5d    0xe0  Code  Gb  FreeRTOS_CLI.o [1]
HAL_Delay               0x08006e81    0x1e  Code  Wk  stm32f1xx_hal.o [1]
HAL_ETH_DMARxDescListInit
                        0x08006607    0x82  Code  Gb  stm32f1xx_hal_eth.o [1]
HAL_ETH_DMATxDescListInit
                        0x0800658b    0x7c  Code  Gb  stm32f1xx_hal_eth.o [1]
HAL_ETH_ErrorCallback   0x08006903     0x2  Code  Wk  stm32f1xx_hal_eth.o [1]
HAL_ETH_GetReceivedFrame_IT
                        0x080067c7    0xac  Code  Gb  stm32f1xx_hal_eth.o [1]
HAL_ETH_IRQHandler      0x08006873    0x8e  Code  Gb  stm32f1xx_hal_eth.o [1]
HAL_ETH_Init            0x08006345   0x246  Code  Gb  stm32f1xx_hal_eth.o [1]
HAL_ETH_MspInit         0x08004685   0x106  Code  Gb  ethernetif.o [1]
HAL_ETH_ReadPHYRegister
                        0x08006905    0x90  Code  Gb  stm32f1xx_hal_eth.o [1]
HAL_ETH_RxCpltCallback  0x0800478b    0x10  Code  Gb  ethernetif.o [1]
HAL_ETH_Start           0x08006a25    0x4a  Code  Gb  stm32f1xx_hal_eth.o [1]
HAL_ETH_TransmitFrame   0x08006689   0x13e  Code  Gb  stm32f1xx_hal_eth.o [1]
HAL_ETH_TxCpltCallback  0x08006901     0x2  Code  Wk  stm32f1xx_hal_eth.o [1]
HAL_ETH_WritePHYRegister
                        0x08006995    0x90  Code  Gb  stm32f1xx_hal_eth.o [1]
HAL_GPIO_Init           0x08005eed   0x2ba  Code  Gb  stm32f1xx_hal_gpio.o [1]
HAL_GetTick             0x08006e7b     0x6  Code  Wk  stm32f1xx_hal.o [1]
HAL_IncTick             0x08006e6f     0xc  Code  Wk  stm32f1xx_hal.o [1]
HAL_Init                0x08006e29    0x22  Code  Gb  stm32f1xx_hal.o [1]
HAL_InitTick            0x08006e4b    0x24  Code  Wk  stm32f1xx_hal.o [1]
HAL_MspInit             0x08008f21    0x8e  Code  Gb  stm32f1xx_hal_msp.o [1]
HAL_NVIC_EnableIRQ      0x080062eb     0xe  Code  Gb  stm32f1xx_hal_cortex.o [1]
HAL_NVIC_SetPriority    0x080062c5    0x26  Code  Gb  stm32f1xx_hal_cortex.o [1]
HAL_NVIC_SetPriorityGrouping
                        0x080062b9     0xc  Code  Gb  stm32f1xx_hal_cortex.o [1]
HAL_RCC_ClockConfig     0x08008c25   0x194  Code  Gb  stm32f1xx_hal_rcc.o [1]
HAL_RCC_GetHCLKFreq     0x08008e79     0x6  Code  Gb  stm32f1xx_hal_rcc.o [1]
HAL_RCC_GetPCLK1Freq    0x08008e7f    0x16  Code  Gb  stm32f1xx_hal_rcc.o [1]
HAL_RCC_GetPCLK2Freq    0x08008e95    0x16  Code  Gb  stm32f1xx_hal_rcc.o [1]
HAL_RCC_GetSysClockFreq
                        0x08008db9    0xc0  Code  Gb  stm32f1xx_hal_rcc.o [1]
HAL_RCC_OscConfig       0x080086c5   0x560  Code  Gb  stm32f1xx_hal_rcc.o [1]
HAL_SYSTICK_CLKSourceConfig
                        0x08006305    0x20  Code  Gb  stm32f1xx_hal_cortex.o [1]
HAL_SYSTICK_Config      0x080062f9     0xc  Code  Gb  stm32f1xx_hal_cortex.o [1]
HAL_UART_Init           0x0800b3a1    0x76  Code  Gb  stm32f1xx_hal_uart.o [1]
HAL_UART_MspInit        0x08008faf    0xa4  Code  Gb  stm32f1xx_hal_msp.o [1]
HAL_UART_Receive        0x0800b4f5    0xe6  Code  Gb  stm32f1xx_hal_uart.o [1]
HAL_UART_Transmit       0x0800b417    0xde  Code  Gb  stm32f1xx_hal_uart.o [1]
HardFault_Handler       0x0800c497     0x2  Code  Gb  stm32f1xx_it.o [1]
MX_GPIO_Init            0x0800bc43    0x94  Code  Lc  main.o [1]
MX_LWIP_Init            0x0800bee9    0x74  Code  Gb  lwip.o [1]
MX_UART4_Init           0x0800bbb3    0x48  Code  Lc  main.o [1]
MX_USART1_UART_Init     0x0800bbfb    0x48  Code  Lc  main.o [1]
MemManage_Handler       0x0800c499     0x2  Code  Gb  stm32f1xx_it.o [1]
NMI_Handler             0x0800c495     0x2  Code  Gb  stm32f1xx_it.o [1]
NVIC_EnableIRQ          0x08006211    0x14  Code  Lc  stm32f1xx_hal_cortex.o [1]
NVIC_EncodePriority     0x0800624b    0x3e  Code  Lc  stm32f1xx_hal_cortex.o [1]
NVIC_GetPriorityGrouping
                        0x08006207     0xa  Code  Lc  stm32f1xx_hal_cortex.o [1]
NVIC_SetPriority        0x08006225    0x26  Code  Lc  stm32f1xx_hal_cortex.o [1]
NVIC_SetPriorityGrouping
                        0x080061e9    0x1e  Code  Lc  stm32f1xx_hal_cortex.o [1]
PendSV_Handler          0x08009391          Code  Gb  portasm.o [1]
RCC_Delay               0x08008eab    0x26  Code  Lc  stm32f1xx_hal_rcc.o [1]
Region$$Table$$Base     0x0800c52c           --   Gb  - Linker created -
Region$$Table$$Limit    0x0800c54c           --   Gb  - Linker created -
Rx_Buff                 0x200004a8  0x2fa0  Data  Gb  ethernetif.o [1]
SERIAL_getc             0x0800ba0b    0x32  Code  Gb  serial.o [1]
SERIAL_open             0x0800b7ed   0x1be  Code  Gb  serial.o [1]
SERIAL_putc             0x0800ba3d    0x56  Code  Gb  serial.o [1]
SERIAL_puts             0x0800b9ab    0x60  Code  Gb  serial.o [1]
SHELL_create            0x0800bd19    0x28  Code  Gb  shell.o [1]
SHELL_main              0x0800bd75   0x15a  Code  Gb  shell.o [1]
SHELL_start             0x0800bd41    0x34  Code  Gb  shell.o [1]
SVC_Handler             0x080093d7          Code  Gb  portasm.o [1]
StartDefaultTask        0x0800bd05    0x10  Code  Gb  main.o [1]
SysTick_Config          0x08006289    0x30  Code  Lc  stm32f1xx_hal_cortex.o [1]
SysTick_Handler         0x0800c4a1     0xc  Code  Gb  stm32f1xx_it.o [1]
SystemClock_Config      0x0800bb37    0x7c  Code  Gb  main.o [1]
SystemCoreClock         0x20000010     0x4  Data  Gb  system_stm32f1xx.o [1]
SystemInit              0x0800c1e1    0x60  Code  Gb  system_stm32f1xx.o [1]
Tx_Buff                 0x20005a4c  0x17d0  Data  Gb  ethernetif.o [1]
UART_SetConfig          0x0800b64b   0x198  Code  Lc  stm32f1xx_hal_uart.o [1]
UART_WaitOnFlagUntilTimeout
                        0x0800b5db    0x70  Code  Lc  stm32f1xx_hal_uart.o [1]
UsageFault_Handler      0x0800c49d     0x2  Code  Gb  stm32f1xx_it.o [1]
_Error_Handler          0x0800bd15     0x2  Code  Gb  main.o [1]
_Rand_idx               0x20000020     0x4  Data  Lc  rand.o [3]
_Rand_rv                0x20000024    0x80  Data  Lc  rand.o [3]
_Randinit               0x20000018     0x1  Data  Gb  rand.o [3]
_Randseed               0x2000001c     0x4  Data  Gb  rand.o [3]
__aeabi_assert          0x0800baad    0x24  Code  Gb  ABIassert.o [5]
__aeabi_memclr4         0x08004f7d          Code  Gb  ABImemclr4.o [4]
__aeabi_memset          0x08004229          Code  Gb  ABImemset.o [4]
__cmain                 0x0800c54d          Code  Gb  cmain.o [4]
__exit                  0x0800bad9    0x14  Code  Gb  exit.o [5]
__iar_Memset            0x08004229          Code  Gb  ABImemset.o [4]
__iar_Memset4_word      0x080084dd          Code  Gb  ABImemset48.o [4]
__iar_Memset8_word      0x080084dd          Code  Gb  ABImemset48.o [4]
__iar_Memset_word       0x08004231          Code  Gb  ABImemset.o [4]
__iar_data_init3        0x0800c4bd    0x28  Code  Gb  data_init.o [4]
__iar_dlib_perthread_access
                        0x0800b39d     0x2  Code  Gb  xtls.o [3]
__iar_packbits_init_single3
                        0x0800c3d1    0x38  Code  Gb  packbits_init_single.o [4]
__iar_program_start     0x0800c6fd          Code  Gb  cstartup_M.o [4]
__iar_unaligned___aeabi_memcpy
                        0x080041b1          Code  Gb  ABImemcpy_unaligned.o [4]
__iar_unaligned___aeabi_memcpy4
                        0x080041d1          Code  Gb  ABImemcpy_unaligned.o [4]
__iar_unaligned___aeabi_memcpy8
                        0x080041d1          Code  Gb  ABImemcpy_unaligned.o [4]
__iar_unaligned_memcmp  0x0800b259          Code  Gb  memcmp_unaligned.o [4]
__iar_unaligned_strcpy  0x0800c109          Code  Gb  strcpy_unaligned.o [4]
__iar_unaligned_strncpy
                        0x0800c175          Code  Gb  strncpy_unaligned.o [4]
__iar_zero_init3        0x0800c355    0x40  Code  Gb  zero_init3.o [4]
__low_level_init        0x0800c567     0x4  Code  Gb  low_level_init.o [3]
__vector_table          0x08000000          Data  Gb  startup_stm32f107xc.o [1]
_call_main              0x0800c559          Code  Gb  cmain.o [4]
_exit                   0x0800c571          Code  Gb  cexit.o [4]
_main                   0x0800c563          Code  Gb  cmain.o [4]
abort                   0x0800bad1     0x6  Code  Gb  abort.o [3]
ackno                   0x20009ab4     0x4  Data  Lc  tcp_in.o [1]
arp_table               0x200090e0    0xf0  Data  Lc  etharp.o [1]
cOutputBuffer           0x20008b6c   0x200  Data  Lc  FreeRTOS_CLI.o [1]
cyclic_timer            0x08003895    0x14  Code  Lc  timeouts.o [1]
defaultTaskHandle       0x200099fc     0x4  Data  Gb  main.o [1]
dhcp_arp_reply          0x0800a4a9    0x28  Code  Gb  dhcp.o [1]
dhcp_bind               0x0800a63d   0x118  Code  Lc  dhcp.o [1]
dhcp_check              0x0800a073    0x40  Code  Lc  dhcp.o [1]
dhcp_coarse_tmr         0x0800a1db    0x72  Code  Gb  dhcp.o [1]
dhcp_create_msg         0x0800b051   0x16c  Code  Lc  dhcp.o [1]
dhcp_dec_pcb_refcount   0x0800a01d    0x2e  Code  Lc  dhcp.o [1]
dhcp_decline            0x0800a4d1    0x98  Code  Lc  dhcp.o [1]
dhcp_delete_msg         0x0800b1d1    0x1e  Code  Lc  dhcp.o [1]
dhcp_discover           0x0800a569    0xd4  Code  Lc  dhcp.o [1]
dhcp_discover_request_options
                        0x20000000     0x4  Data  Lc  dhcp.o [1]
dhcp_fine_tmr           0x0800a24d    0x38  Code  Gb  dhcp.o [1]
dhcp_handle_ack         0x0800a37b    0x96  Code  Lc  dhcp.o [1]
dhcp_handle_nak         0x0800a04b    0x28  Code  Lc  dhcp.o [1]
dhcp_handle_offer       0x0800a0b3    0x2a  Code  Lc  dhcp.o [1]
dhcp_inc_pcb_refcount   0x08009fa1    0x7c  Code  Lc  dhcp.o [1]
dhcp_option             0x0800aadd    0x26  Code  Lc  dhcp.o [1]
dhcp_option_byte        0x0800ab03    0x12  Code  Lc  dhcp.o [1]
dhcp_option_long        0x0800ab3f    0x4c  Code  Lc  dhcp.o [1]
dhcp_option_short       0x0800ab15    0x2a  Code  Lc  dhcp.o [1]
dhcp_option_trailer     0x0800b1ef    0x40  Code  Lc  dhcp.o [1]
dhcp_parse_reply        0x0800ab8d   0x362  Code  Lc  dhcp.o [1]
dhcp_pcb                0x200099c8     0x4  Data  Lc  dhcp.o [1]
dhcp_pcb_refcount       0x20009aee     0x1  Data  Lc  dhcp.o [1]
dhcp_rebind             0x0800a81f    0xc8  Code  Lc  dhcp.o [1]
dhcp_reboot             0x0800a8e7    0xe2  Code  Lc  dhcp.o [1]
dhcp_recv               0x0800aeef   0x162  Code  Lc  dhcp.o [1]
dhcp_release            0x0800a9c9    0xb8  Code  Gb  dhcp.o [1]
dhcp_renew              0x0800a755    0xca  Code  Gb  dhcp.o [1]
dhcp_rx_options_given   0x200099b4     0xc  Data  Gb  dhcp.o [1]
dhcp_rx_options_val     0x200098dc    0x28  Data  Gb  dhcp.o [1]
dhcp_select             0x0800a0dd    0xfe  Code  Lc  dhcp.o [1]
dhcp_set_state          0x0800aac9    0x14  Code  Lc  dhcp.o [1]
dhcp_start              0x0800a411    0x98  Code  Gb  dhcp.o [1]
dhcp_stop               0x0800aaa1    0x28  Code  Gb  dhcp.o [1]
dhcp_supplied_address   0x0800b22f    0x28  Code  Gb  dhcp.o [1]
dhcp_t1_timeout         0x0800a2f9    0x3e  Code  Lc  dhcp.o [1]
dhcp_t2_timeout         0x0800a337    0x44  Code  Lc  dhcp.o [1]
dhcp_timeout            0x0800a285    0x74  Code  Lc  dhcp.o [1]
do_memp_free_pool       0x08002e8b    0x20  Code  Lc  memp.o [1]
do_memp_malloc_pool     0x08002e3d    0x2e  Code  Lc  memp.o [1]
etharp_cached_entry     0x20009aef     0x1  Data  Lc  etharp.o [1]
etharp_cleanup_netif    0x08009829    0x42  Code  Gb  etharp.o [1]
etharp_find_entry       0x0800955b   0x1d0  Code  Lc  etharp.o [1]
etharp_free_entry       0x08009419    0x42  Code  Lc  etharp.o [1]
etharp_input            0x0800986b   0x144  Code  Gb  etharp.o [1]
etharp_output           0x08009a79   0x132  Code  Gb  etharp.o [1]
etharp_output_to_arp_index
                        0x080099af    0xca  Code  Lc  etharp.o [1]
etharp_query            0x08009bab   0x1a4  Code  Gb  etharp.o [1]
etharp_raw              0x08009d4f    0xc0  Code  Lc  etharp.o [1]
etharp_request          0x08009e39    0x12  Code  Gb  etharp.o [1]
etharp_request_dst      0x08009e0f    0x2a  Code  Lc  etharp.o [1]
etharp_tmr              0x0800945b   0x100  Code  Gb  etharp.o [1]
etharp_update_arp_entry
                        0x0800972b    0xfe  Code  Lc  etharp.o [1]
ethbroadcast            0x0800c708     0x8  Data  Gb  ethernet.o [1]
ethernet_input          0x08009e5d    0xd8  Code  Gb  ethernet.o [1]
ethernet_output         0x08009f39    0x68  Code  Gb  ethernet.o [1]
ethernetif_init         0x08004b53    0x22  Code  Gb  ethernetif.o [1]
ethernetif_input        0x08004b19    0x3a  Code  Gb  ethernetif.o [1]
ethzero                 0x0800c710     0x8  Data  Gb  ethernet.o [1]
exit                    0x0800c56b     0x4  Code  Gb  exit.o [3]
flags                   0x20009af6     0x1  Data  Lc  tcp_in.o [1]
gnetif                  0x20009840    0x34  Data  Gb  lwip.o [1]
gw                      0x200099f8     0x4  Data  Gb  lwip.o [1]
heth                    0x200096f8    0x48  Data  Gb  ethernetif.o [1]
huart1                  0x200097c0    0x40  Data  Gb  main.o [1]
huart4                  0x20009780    0x40  Data  Gb  main.o [1]
icmp_dest_unreach       0x08005e35    0x14  Code  Gb  icmp.o [1]
icmp_input              0x08005c81   0x1aa  Code  Gb  icmp.o [1]
icmp_send_response      0x08005e5d    0x8e  Code  Lc  icmp.o [1]
icmp_time_exceeded      0x08005e49    0x14  Code  Gb  icmp.o [1]
inHandlerMode           0x08004bcf    0x12  Code  Lc  cmsis_os.o [1]
inseg                   0x200099a4    0x10  Data  Lc  tcp_in.o [1]
ip4_addr_isbroadcast_u32
                        0x08001a6d    0x50  Code  Gb  ip4_addr.o [1]
ip4_frag                0x0800553f   0x1f2  Code  Gb  ip4_frag.o [1]
ip4_input               0x08004315   0x232  Code  Gb  ip4.o [1]
ip4_output_if           0x08004547    0x4e  Code  Gb  ip4.o [1]
ip4_output_if_src       0x08004595    0xdc  Code  Gb  ip4.o [1]
ip4_reass               0x0800530f   0x1fe  Code  Gb  ip4_frag.o [1]
ip4_route               0x08004291    0x84  Code  Gb  ip4.o [1]
ip_addr_any             0x0800c750     0x4  Data  Gb  ip4_addr.o [1]
ip_addr_broadcast       0x0800c754     0x4  Data  Gb  ip4_addr.o [1]
ip_data                 0x20009928    0x18  Data  Gb  ip.o [1]
ip_frag_alloc_pbuf_custom_ref
                        0x0800550d     0xa  Code  Lc  ip4_frag.o [1]
ip_frag_free_pbuf_custom_ref
                        0x08005517     0xe  Code  Lc  ip4_frag.o [1]
ip_id                   0x20009ae0     0x2  Data  Lc  ip4.o [1]
ip_reass_chain_frag_into_datagram_and_validate
                        0x080051ad   0x162  Code  Lc  ip4_frag.o [1]
ip_reass_dequeue_datagram
                        0x08005185    0x28  Code  Lc  ip4_frag.o [1]
ip_reass_enqueue_new_datagram
                        0x0800511b    0x6a  Code  Lc  ip4_frag.o [1]
ip_reass_free_complete_datagram
                        0x08004fd7    0xa2  Code  Lc  ip4_frag.o [1]
ip_reass_pbufcount      0x20009ae2     0x2  Data  Lc  ip4_frag.o [1]
ip_reass_remove_oldest_datagram
                        0x08005079    0xa2  Code  Lc  ip4_frag.o [1]
ip_reass_tmr            0x08004fa5    0x32  Code  Gb  ip4_frag.o [1]
ipaddr                  0x200099f0     0x4  Data  Gb  lwip.o [1]
ipfrag_free_pbuf_custom
                        0x08005525    0x1a  Code  Lc  ip4_frag.o [1]
lfree                   0x20009a08     0x4  Data  Lc  mem.o [1]
lock_tcpip_core         0x20009acc     0x4  Data  Gb  tcpip.o [1]
low_level_init          0x0800479b   0x15a  Code  Lc  ethernetif.o [1]
low_level_input         0x080049f1   0x128  Code  Lc  ethernetif.o [1]
low_level_output        0x080048f5    0xfc  Code  Lc  ethernetif.o [1]
lwip_cyclic_timers      0x0800c46c    0x28  Data  Gb  timeouts.o [1]
lwip_htonl              0x08001acb    0x18  Code  Gb  def.o [1]
lwip_htons              0x08001abd     0xe  Code  Gb  def.o [1]
lwip_init               0x08004f83    0x20  Code  Gb  init.o [1]
lwip_sys_mutex          0x20009a54     0x4  Data  Gb  sys_arch.o [1]
main                    0x0800baed    0x4a  Code  Gb  main.o [1]
makeFreeRtosPriority    0x08004bbd    0x12  Code  Lc  cmsis_os.o [1]
mbox                    0x20009ac8     0x4  Data  Lc  tcpip.o [1]
mem_free                0x08003ed1    0x50  Code  Gb  mem.o [1]
mem_init                0x08003e77    0x5a  Code  Gb  mem.o [1]
mem_malloc              0x08004083   0x118  Code  Gb  mem.o [1]
mem_mutex               0x20009a0c     0x4  Data  Lc  mem.o [1]
mem_trim                0x08003f21   0x162  Code  Gb  mem.o [1]
memp_FRAG_PBUF          0x0800c690     0xc  Data  Gb  memp.o [1]
memp_NETBUF             0x0800c69c     0xc  Data  Gb  memp.o [1]
memp_NETCONN            0x0800c6a8     0xc  Data  Gb  memp.o [1]
memp_PBUF               0x0800c6d8     0xc  Data  Gb  memp.o [1]
memp_PBUF_POOL          0x0800c6e4     0xc  Data  Gb  memp.o [1]
memp_REASSDATA          0x0800c684     0xc  Data  Gb  memp.o [1]
memp_SYS_TIMEOUT        0x0800c6cc     0xc  Data  Gb  memp.o [1]
memp_TCPIP_MSG_API      0x0800c6b4     0xc  Data  Gb  memp.o [1]
memp_TCPIP_MSG_INPKT    0x0800c6c0     0xc  Data  Gb  memp.o [1]
memp_TCP_PCB            0x0800c660     0xc  Data  Gb  memp.o [1]
memp_TCP_PCB_LISTEN     0x0800c66c     0xc  Data  Gb  memp.o [1]
memp_TCP_SEG            0x0800c678     0xc  Data  Gb  memp.o [1]
memp_UDP_PCB            0x0800c654     0xc  Data  Gb  memp.o [1]
memp_free               0x08002eab    0x20  Code  Gb  memp.o [1]
memp_init               0x08002e1f    0x1e  Code  Gb  memp.o [1]
memp_init_pool          0x08002ded    0x32  Code  Gb  memp.o [1]
memp_malloc             0x08002e6b    0x20  Code  Gb  memp.o [1]
memp_memory_FRAG_PBUF_base
                        0x20008d6c   0x16c  Data  Gb  memp.o [1]
memp_memory_NETBUF_base
                        0x20009904    0x24  Data  Gb  memp.o [1]
memp_memory_NETCONN_base
                        0x200092b4    0xb4  Data  Gb  memp.o [1]
memp_memory_PBUF_POOL_base
                        0x20003448  0x2604  Data  Gb  memp.o [1]
memp_memory_PBUF_base   0x20008fdc   0x104  Data  Gb  memp.o [1]
memp_memory_REASSDATA_base
                        0x20009368    0xa4  Data  Gb  memp.o [1]
memp_memory_SYS_TIMEOUT_base
                        0x200096a4    0x54  Data  Gb  memp.o [1]
memp_memory_TCPIP_MSG_API_base
                        0x2000951c    0x84  Data  Gb  memp.o [1]
memp_memory_TCPIP_MSG_INPKT_base
                        0x200095a0    0x84  Data  Gb  memp.o [1]
memp_memory_TCP_PCB_LISTEN_base
                        0x200091d0    0xe4  Data  Gb  memp.o [1]
memp_memory_TCP_PCB_base
                        0x20008870   0x2fc  Data  Gb  memp.o [1]
memp_memory_TCP_SEG_base
                        0x20008ed8   0x104  Data  Gb  memp.o [1]
memp_memory_UDP_PCB_base
                        0x20009498    0x84  Data  Gb  memp.o [1]
memp_pools              0x0800c408    0x34  Data  Gb  memp.o [1]
memp_tab_FRAG_PBUF      0x20009a24     0x4  Data  Lc  memp.o [1]
memp_tab_NETBUF         0x20009a28     0x4  Data  Lc  memp.o [1]
memp_tab_NETCONN        0x20009a2c     0x4  Data  Lc  memp.o [1]
memp_tab_PBUF           0x20009a3c     0x4  Data  Lc  memp.o [1]
memp_tab_PBUF_POOL      0x20009a40     0x4  Data  Lc  memp.o [1]
memp_tab_REASSDATA      0x20009a20     0x4  Data  Lc  memp.o [1]
memp_tab_SYS_TIMEOUT    0x20009a38     0x4  Data  Lc  memp.o [1]
memp_tab_TCPIP_MSG_API  0x20009a30     0x4  Data  Lc  memp.o [1]
memp_tab_TCPIP_MSG_INPKT
                        0x20009a34     0x4  Data  Lc  memp.o [1]
memp_tab_TCP_PCB        0x20009a14     0x4  Data  Lc  memp.o [1]
memp_tab_TCP_PCB_LISTEN
                        0x20009a18     0x4  Data  Lc  memp.o [1]
memp_tab_TCP_SEG        0x20009a1c     0x4  Data  Lc  memp.o [1]
memp_tab_UDP_PCB        0x20009a10     0x4  Data  Lc  memp.o [1]
netif_add               0x08008513    0x7e  Code  Gb  netif.o [1]
netif_default           0x20009a48     0x4  Data  Gb  netif.o [1]
netif_init              0x08008511     0x2  Code  Gb  netif.o [1]
netif_issue_reports     0x0800867b    0x22  Code  Lc  netif.o [1]
netif_list              0x20009a44     0x4  Data  Gb  netif.o [1]
netif_num               0x20009af0     0x1  Data  Lc  netif.o [1]
netif_set_addr          0x08008591    0x48  Code  Gb  netif.o [1]
netif_set_default       0x08008639     0x6  Code  Gb  netif.o [1]
netif_set_down          0x0800869d    0x28  Code  Gb  netif.o [1]
netif_set_gw            0x0800861d     0xe  Code  Gb  netif.o [1]
netif_set_ipaddr        0x080085d9    0x44  Code  Gb  netif.o [1]
netif_set_netmask       0x0800862b     0xe  Code  Gb  netif.o [1]
netif_set_up            0x08008651    0x2a  Code  Gb  netif.o [1]
netmask                 0x200099f4     0x4  Data  Gb  lwip.o [1]
next_timeout            0x20009ad0     0x4  Data  Lc  timeouts.o [1]
osDelay                 0x08004c2f    0x1c  Code  Gb  cmsis_os.o [1]
osKernelStart           0x08004be1     0xa  Code  Gb  cmsis_os.o [1]
osKernelSysTick         0x08004beb    0x16  Code  Gb  cmsis_os.o [1]
osMessageCreate         0x08004e39    0x12  Code  Gb  cmsis_os.o [1]
osMessageGet            0x08004eb1    0xb8  Code  Gb  cmsis_os.o [1]
osMessagePut            0x08004e4b    0x66  Code  Gb  cmsis_os.o [1]
osMutexCreate           0x08004c4b     0xc  Code  Gb  cmsis_os.o [1]
osMutexRelease          0x08004cdd    0x54  Code  Gb  cmsis_os.o [1]
osMutexWait             0x08004c57    0x86  Code  Gb  cmsis_os.o [1]
osSemaphoreCreate       0x08004d31    0x2e  Code  Gb  cmsis_os.o [1]
osSemaphoreRelease      0x08004de5    0x54  Code  Gb  cmsis_os.o [1]
osSemaphoreWait         0x08004d5f    0x86  Code  Gb  cmsis_os.o [1]
osSystickHandler        0x08004f69    0x10  Code  Gb  cmsis_os.o [1]
osThreadCreate          0x08004c01    0x2e  Code  Gb  cmsis_os.o [1]
os_mutex_def_lwip_sys_mutex
                        0x0800c770     0x4  Data  Gb  sys_arch.o [1]
pbuf_alloc              0x08001b75   0x1a6  Code  Gb  pbuf.o [1]
pbuf_alloced_custom     0x08001d1b    0x84  Code  Gb  pbuf.o [1]
pbuf_cat                0x08001fa7    0x2e  Code  Gb  pbuf.o [1]
pbuf_chain              0x08001fd5    0x16  Code  Gb  pbuf.o [1]
pbuf_clen               0x08001f77    0x14  Code  Gb  pbuf.o [1]
pbuf_copy               0x08001feb    0xd2  Code  Gb  pbuf.o [1]
pbuf_copy_partial       0x080020bd    0xae  Code  Gb  pbuf.o [1]
pbuf_free               0x08001eeb    0x8c  Code  Gb  pbuf.o [1]
pbuf_free_ooseq         0x08001ae5    0x36  Code  Lc  pbuf.o [1]
pbuf_free_ooseq_callback
                        0x08001b1b     0xa  Code  Lc  pbuf.o [1]
pbuf_free_ooseq_pending
                        0x20009af1     0x1  Data  Gb  pbuf.o [1]
pbuf_header             0x08001ec3    0x14  Code  Gb  pbuf.o [1]
pbuf_header_force       0x08001ed7    0x14  Code  Gb  pbuf.o [1]
pbuf_header_impl        0x08001e11    0xb2  Code  Lc  pbuf.o [1]
pbuf_pool_is_empty      0x08001b25    0x42  Code  Lc  pbuf.o [1]
pbuf_realloc            0x08001d9f    0x72  Code  Gb  pbuf.o [1]
pbuf_ref                0x08001f8b    0x1c  Code  Gb  pbuf.o [1]
pcEndOfOutputMessage    0x0800c764     0x4  Data  Lc  shell.o [1]
pcInterruptPriorityRegisters
                        0x0800c758     0x4  Data  Lc  port.o [1]
pcNewLine               0x0800c768     0x4  Data  Lc  shell.o [1]
pcWelcomeMessage        0x0800c760     0x4  Data  Lc  shell.o [1]
plug_holes              0x08003ded    0x8a  Code  Lc  mem.o [1]
prvAddCurrentTaskToDelayedList
                        0x080078c5    0x82  Code  Lc  tasks.o [1]
prvAddNewTaskToReadyList
                        0x08006ff9    0xb8  Code  Lc  tasks.o [1]
prvCheckTasksWaitingTermination
                        0x08007641    0x66  Code  Lc  tasks.o [1]
prvCopyDataFromQueue    0x080081c7    0x30  Code  Lc  queue.o [1]
prvCopyDataToQueue      0x0800812d    0x9a  Code  Lc  queue.o [1]
prvDeleteTCB            0x080076a7    0x12  Code  Lc  tasks.o [1]
prvGetNumberOfParameters
                        0x0800c0a1    0x30  Code  Lc  FreeRTOS_CLI.o [1]
prvHeapInit             0x08009201    0x6e  Code  Lc  heap_4.o [1]
prvHelpCommand          0x0800c041    0x46  Code  Lc  FreeRTOS_CLI.o [1]
prvIdleTask             0x080075bd    0x24  Code  Lc  tasks.o [1]
prvInitialiseMutex      0x08007aab    0x22  Code  Lc  queue.o [1]
prvInitialiseNewQueue   0x08007a79    0x32  Code  Lc  queue.o [1]
prvInitialiseNewTask    0x08006f31    0xc8  Code  Lc  tasks.o [1]
prvInitialiseTaskLists  0x080075e5    0x54  Code  Lc  tasks.o [1]
prvInsertBlockIntoFreeList
                        0x0800926f    0x62  Code  Lc  heap_4.o [1]
prvIsQueueEmpty         0x08008265    0x20  Code  Lc  queue.o [1]
prvIsQueueFull          0x08008285    0x22  Code  Lc  queue.o [1]
prvResetNextTaskUnblockTime
                        0x080076b9    0x2e  Code  Lc  tasks.o [1]
prvTaskExitError        0x08008301    0x2a  Code  Lc  port.o [1]
prvUnlockQueue          0x080081f7    0x6e  Code  Lc  queue.o [1]
pvPortMalloc            0x08009071   0x118  Code  Gb  heap_4.o [1]
pvTaskIncrementMutexHeldCount
                        0x0800787f    0x1e  Code  Gb  tasks.o [1]
pxCurrentTCB            0x20009a58     0x4  Data  Gb  tasks.o [1]
pxDelayedTaskList       0x20009a5c     0x4  Data  Lc  tasks.o [1]
pxEnd                   0x200099dc     0x4  Data  Lc  heap_4.o [1]
pxOverflowDelayedTaskList
                        0x20009a60     0x4  Data  Lc  tasks.o [1]
pxPortInitialiseStack   0x080082e1    0x20  Code  Gb  port.o [1]
pxReadyTasksLists       0x2000940c    0x8c  Data  Lc  tasks.o [1]
ram                     0x20009a00     0x4  Data  Lc  mem.o [1]
ram_end                 0x20009a04     0x4  Data  Lc  mem.o [1]
ram_heap                0x2000821c   0x654  Data  Gb  mem.o [1]
rand                    0x0800b2bd    0xe0  Code  Gb  rand.o [3]
reassdatagrams          0x200099ec     0x4  Data  Lc  ip4_frag.o [1]
recv_acked              0x20009aea     0x2  Data  Lc  tcp_in.o [1]
recv_data               0x20009ab8     0x4  Data  Lc  tcp_in.o [1]
recv_flags              0x20009af7     0x1  Data  Lc  tcp_in.o [1]
s_xSemaphore            0x200099d0     0x4  Data  Gb  ethernetif.o [1]
seqno                   0x20009ab0     0x4  Data  Lc  tcp_in.o [1]
strlen                  0x0800c0d1          Code  Gb  strlen.o [4]
strncmp                 0x0800c14d    0x28  Code  Gb  strncmp.o [3]
sys_arch_mbox_fetch     0x08003b39    0x4c  Code  Gb  sys_arch.o [1]
sys_arch_protect        0x08003c17    0x12  Code  Gb  sys_arch.o [1]
sys_arch_unprotect      0x08003c29     0xe  Code  Gb  sys_arch.o [1]
sys_check_timeouts      0x080039b7    0x7e  Code  Lc  timeouts.o [1]
sys_init                0x08003b95     0xe  Code  Gb  sys_arch.o [1]
sys_mbox_new            0x08003acd    0x2e  Code  Gb  sys_arch.o [1]
sys_mbox_post           0x08003afb    0x18  Code  Gb  sys_arch.o [1]
sys_mbox_trypost        0x08003b13    0x26  Code  Gb  sys_arch.o [1]
sys_mbox_valid          0x08003b85    0x10  Code  Gb  sys_arch.o [1]
sys_mutex_lock          0x08003bc7    0x10  Code  Gb  sys_arch.o [1]
sys_mutex_new           0x08003ba3    0x24  Code  Gb  sys_arch.o [1]
sys_mutex_unlock        0x08003bd7     0xc  Code  Gb  sys_arch.o [1]
sys_now                 0x08004bb5     0x8  Code  Gb  ethernetif.o [1]
sys_thread_new          0x08003be3    0x34  Code  Gb  sys_arch.o [1]
sys_timeout             0x080038d3    0xe4  Code  Gb  timeouts.o [1]
sys_timeouts_init       0x080038a9    0x2a  Code  Gb  timeouts.o [1]
sys_timeouts_mbox_fetch
                        0x08003a69    0x3c  Code  Gb  timeouts.o [1]
sys_timeouts_sleeptime  0x08003a35    0x34  Code  Lc  timeouts.o [1]
tcp_abandon             0x080023b1    0xf8  Code  Gb  tcp.o [1]
tcp_abort               0x080024a9     0xe  Code  Gb  tcp.o [1]
tcp_active_pcbs         0x20009aa0     0x4  Data  Gb  tcp.o [1]
tcp_active_pcbs_changed
                        0x20009af3     0x1  Data  Gb  tcp.o [1]
tcp_alloc               0x08002b69    0xca  Code  Gb  tcp.o [1]
tcp_backoff             0x0800c608    0x10  Data  Lc  tcp.o [1]
tcp_bound_pcbs          0x20009a98     0x4  Data  Gb  tcp.o [1]
tcp_close               0x08002395    0x1c  Code  Gb  tcp.o [1]
tcp_close_shutdown      0x080021cb   0x1ca  Code  Lc  tcp.o [1]
tcp_create_segment      0x08002fa7    0xd6  Code  Lc  tcp_out.o [1]
tcp_eff_send_mss_impl   0x08002cfd    0x42  Code  Gb  tcp.o [1]
tcp_enqueue_flags       0x0800307d   0x108  Code  Gb  tcp_out.o [1]
tcp_fasttmr             0x080028c5    0x76  Code  Gb  tcp.o [1]
tcp_getoptbyte          0x0800194b    0x48  Code  Lc  tcp_in.o [1]
tcp_init                0x0800216d     0x2  Code  Gb  tcp.o [1]
tcp_input               0x08000151   0x574  Code  Gb  tcp_in.o [1]
tcp_input_pcb           0x20009abc     0x4  Data  Gb  tcp_in.o [1]
tcp_keepalive           0x080036dd    0x5c  Code  Gb  tcp_out.o [1]
tcp_kill_prio           0x08002a63    0x62  Code  Lc  tcp.o [1]
tcp_kill_state          0x08002ad1    0x4a  Code  Lc  tcp.o [1]
tcp_kill_timewait       0x08002b21    0x3c  Code  Lc  tcp.o [1]
tcp_listen_closed       0x080021a9    0x22  Code  Lc  tcp.o [1]
tcp_listen_input        0x080006c5   0x13a  Code  Lc  tcp_in.o [1]
tcp_listen_pcbs         0x20009a9c     0x4  Data  Gb  tcp.o [1]
tcp_netif_ip_addr_changed
                        0x08002d65    0x4e  Code  Gb  tcp.o [1]
tcp_netif_ip_addr_changed_pcblist
                        0x08002d3f    0x26  Code  Lc  tcp.o [1]
tcp_next_iss            0x08002ce9    0x14  Code  Gb  tcp.o [1]
tcp_oos_insert_segment  0x08000e19    0x8e  Code  Lc  tcp_in.o [1]
tcp_optidx              0x20009ae8     0x2  Data  Lc  tcp_in.o [1]
tcp_output              0x08003211   0x23e  Code  Gb  tcp_out.o [1]
tcp_output_alloc_header
                        0x08002ed1    0x8a  Code  Lc  tcp_out.o [1]
tcp_output_segment      0x0800344f    0xd2  Code  Lc  tcp_out.o [1]
tcp_parseopt            0x08001993    0x96  Code  Lc  tcp_in.o [1]
tcp_pcb_lists           0x0800c618    0x10  Data  Gb  tcp.o [1]
tcp_pcb_purge           0x08002c33    0x52  Code  Gb  tcp.o [1]
tcp_pcb_remove          0x08002c85    0x64  Code  Gb  tcp.o [1]
tcp_persist_backoff     0x0800c740     0x8  Data  Lc  tcp.o [1]
tcp_process             0x08000899   0x57a  Code  Lc  tcp_in.o [1]
tcp_process_refused_data
                        0x08002941    0x94  Code  Gb  tcp.o [1]
tcp_receive             0x08000ef9   0xa52  Code  Lc  tcp_in.o [1]
tcp_recv_null           0x08002a33    0x30  Code  Gb  tcp.o [1]
tcp_recved              0x080024ff    0x54  Code  Gb  tcp.o [1]
tcp_remove_listener     0x08002193    0x16  Code  Lc  tcp.o [1]
tcp_rexmit              0x0800360b    0x5e  Code  Gb  tcp_out.o [1]
tcp_rexmit_fast         0x08003669    0x74  Code  Gb  tcp_out.o [1]
tcp_rexmit_rto          0x080035d1    0x3a  Code  Gb  tcp_out.o [1]
tcp_rst                 0x08003529    0xa8  Code  Gb  tcp_out.o [1]
tcp_seg_copy            0x08002a09    0x2a  Code  Gb  tcp.o [1]
tcp_seg_free            0x080029eb    0x1e  Code  Gb  tcp.o [1]
tcp_segs_free           0x080029d5    0x16  Code  Gb  tcp.o [1]
tcp_send_empty_ack      0x08003185    0x8c  Code  Gb  tcp_out.o [1]
tcp_send_fin            0x08002f5b    0x4c  Code  Gb  tcp_out.o [1]
tcp_slowtmr             0x08002553   0x372  Code  Gb  tcp.o [1]
tcp_ticks               0x20009a94     0x4  Data  Gb  tcp.o [1]
tcp_timer               0x20009af4     0x1  Data  Lc  tcp.o [1]
tcp_timer_ctr           0x20009af5     0x1  Data  Lc  tcp.o [1]
tcp_timer_needed        0x08003869    0x2c  Code  Gb  timeouts.o [1]
tcp_timewait_input      0x080007ff    0x9a  Code  Lc  tcp_in.o [1]
tcp_tmr                 0x0800216f    0x24  Code  Gb  tcp.o [1]
tcp_trigger_input_pcb_close
                        0x08001a29     0xe  Code  Gb  tcp_in.o [1]
tcp_tw_pcbs             0x20009aa4     0x4  Data  Gb  tcp.o [1]
tcp_update_rcv_ann_wnd  0x080024b7    0x48  Code  Gb  tcp.o [1]
tcp_zero_window_probe   0x08003739   0x102  Code  Gb  tcp_out.o [1]
tcphdr                  0x20009aa8     0x4  Data  Lc  tcp_in.o [1]
tcphdr_opt1len          0x20009ae6     0x2  Data  Lc  tcp_in.o [1]
tcphdr_opt2             0x20009aac     0x4  Data  Lc  tcp_in.o [1]
tcphdr_optlen           0x20009ae4     0x2  Data  Lc  tcp_in.o [1]
tcpip_callback_with_block
                        0x08003d3d    0x56  Code  Gb  tcpip.o [1]
tcpip_init              0x08003d93    0x38  Code  Gb  tcpip.o [1]
tcpip_init_done         0x20009ac0     0x4  Data  Lc  tcpip.o [1]
tcpip_init_done_arg     0x20009ac4     0x4  Data  Lc  tcpip.o [1]
tcpip_inpkt             0x08003ccd    0x48  Code  Gb  tcpip.o [1]
tcpip_input             0x08003d15    0x28  Code  Gb  tcpip.o [1]
tcpip_tcp_timer         0x0800383d    0x2c  Code  Lc  timeouts.o [1]
tcpip_tcp_timer_active  0x20009ad8     0x4  Data  Lc  timeouts.o [1]
tcpip_thread            0x08003c49    0x84  Code  Lc  tcpip.o [1]
tcplen                  0x20009aec     0x2  Data  Lc  tcp_in.o [1]
timeouts_last_time      0x20009ad4     0x4  Data  Lc  timeouts.o [1]
ucHeap                  0x2000721c  0x1000  Data  Lc  heap_4.o [1]
ucMaxSysCallPriority    0x20009af2     0x1  Data  Lc  port.o [1]
udp_bind                0x08005abd    0xa4  Code  Gb  udp.o [1]
udp_connect             0x08005b61    0x6a  Code  Gb  udp.o [1]
udp_init                0x0800573d     0x2  Code  Gb  udp.o [1]
udp_input               0x080057f3   0x176  Code  Gb  udp.o [1]
udp_input_local_match   0x0800579b    0x58  Code  Lc  udp.o [1]
udp_netif_ip_addr_changed
                        0x08005c37    0x34  Code  Gb  udp.o [1]
udp_new                 0x08005c13    0x24  Code  Gb  udp.o [1]
udp_new_port            0x0800573f    0x5c  Code  Lc  udp.o [1]
udp_pcbs                0x20009adc     0x4  Data  Gb  udp.o [1]
udp_port                0x200000a4     0x2  Data  Lc  udp.o [1]
udp_recv                0x08005bcb     0x6  Code  Gb  udp.o [1]
udp_remove              0x08005bd1    0x42  Code  Gb  udp.o [1]
udp_sendto_if           0x08005969    0x68  Code  Gb  udp.o [1]
udp_sendto_if_src       0x080059d1    0xec  Code  Gb  udp.o [1]
ulMaxPRIGROUPValue      0x20009a4c     0x4  Data  Lc  port.o [1]
uwTick                  0x20009a50     0x4  Data  Gb  stm32f1xx_hal.o [1]
uxCriticalNesting       0x2000000c     0x4  Data  Lc  port.o [1]
uxCurrentNumberOfTasks  0x20009a68     0x4  Data  Lc  tasks.o [1]
uxDeletedTasksWaitingCleanUp
                        0x20009a64     0x4  Data  Lc  tasks.o [1]
uxListRemove            0x08009367    0x28  Code  Gb  list.o [1]
uxPendedTicks           0x20009a78     0x4  Data  Lc  tasks.o [1]
uxSchedulerSuspended    0x20009a90     0x4  Data  Lc  tasks.o [1]
uxTaskNumber            0x20009a84     0x4  Data  Lc  tasks.o [1]
uxTopReadyPriority      0x20009a70     0x4  Data  Lc  tasks.o [1]
vListInitialise         0x080092f1    0x1e  Code  Gb  list.o [1]
vListInitialiseItem     0x0800930f     0x6  Code  Gb  list.o [1]
vListInsert             0x0800932d    0x3a  Code  Gb  list.o [1]
vListInsertEnd          0x08009315    0x18  Code  Gb  list.o [1]
vPortEnterCritical      0x080083b3    0x3a  Code  Gb  port.o [1]
vPortExitCritical       0x080083ed    0x32  Code  Gb  port.o [1]
vPortFree               0x08009189    0x78  Code  Gb  heap_4.o [1]
vPortSetupTimerInterrupt
                        0x08008447    0x1a  Code  Wk  port.o [1]
vPortStartFirstTask     0x080093f7          Code  Gb  portasm.o [1]
vPortValidateInterruptPriority
                        0x08008461    0x4e  Code  Gb  port.o [1]
vQueueDelete            0x08008105    0x28  Code  Gb  queue.o [1]
vQueueUnregisterQueue   0x080082a7    0x2e  Code  Gb  queue.o [1]
vTaskDelay              0x080070b1    0x4e  Code  Gb  tasks.o [1]
vTaskMissedYield        0x080075a7     0xa  Code  Gb  tasks.o [1]
vTaskPlaceOnEventList   0x0800743b    0x34  Code  Gb  tasks.o [1]
vTaskPriorityInherit    0x08007713    0xac  Code  Gb  tasks.o [1]
vTaskSetTimeOutState    0x080074f3    0x26  Code  Gb  tasks.o [1]
vTaskStartScheduler     0x080070ff    0x68  Code  Gb  tasks.o [1]
vTaskSuspendAll         0x08007167    0x10  Code  Gb  tasks.o [1]
vTaskSwitchContext      0x080073c9    0x72  Code  Gb  tasks.o [1]
xBlockAllocatedBit      0x200099e8     0x4  Data  Lc  heap_4.o [1]
xDelayedTaskList1       0x20009940    0x14  Data  Lc  tasks.o [1]
xDelayedTaskList2       0x20009954    0x14  Data  Lc  tasks.o [1]
xFreeBytesRemaining     0x200099e0     0x4  Data  Lc  heap_4.o [1]
xHeapStructSize         0x0800c74c     0x4  Data  Lc  heap_4.o [1]
xHelpCommand            0x0800c5b8    0x10  Data  Lc  FreeRTOS_CLI.o [1]
xIdleTaskHandle         0x20009a8c     0x4  Data  Lc  tasks.o [1]
xMinimumEverFreeBytesRemaining
                        0x200099e4     0x4  Data  Lc  heap_4.o [1]
xNextTaskUnblockTime    0x20009a88     0x4  Data  Lc  tasks.o [1]
xNumOfOverflows         0x20009a80     0x4  Data  Lc  tasks.o [1]
xPendingReadyList       0x20009968    0x14  Data  Lc  tasks.o [1]
xPortStartScheduler     0x0800832b    0x88  Code  Gb  port.o [1]
xPortSysTickHandler     0x0800841f    0x28  Code  Gb  port.o [1]
xQueueCreateMutex       0x08007acd    0x20  Code  Gb  queue.o [1]
xQueueGenericCreate     0x08007a21    0x58  Code  Gb  queue.o [1]
xQueueGenericReceive    0x08007e65   0x1dc  Code  Gb  queue.o [1]
xQueueGenericReset      0x0800798d    0x94  Code  Gb  queue.o [1]
xQueueGenericSend       0x08007aed   0x1b2  Code  Gb  queue.o [1]
xQueueGenericSendFromISR
                        0x08007c9f    0xee  Code  Gb  queue.o [1]
xQueueGiveFromISR       0x08007d8d    0xd8  Code  Gb  queue.o [1]
xQueueReceiveFromISR    0x08008041    0xc4  Code  Gb  queue.o [1]
xQueueRegistry          0x20009800    0x40  Data  Gb  queue.o [1]
xRegisteredCommands     0x20000004     0x8  Data  Lc  FreeRTOS_CLI.o [1]
xSchedulerRunning       0x20009a74     0x4  Data  Lc  tasks.o [1]
xStart                  0x200099c0     0x8  Data  Lc  heap_4.o [1]
xSuspendedTaskList      0x20009990    0x14  Data  Lc  tasks.o [1]
xTaskCheckForTimeOut    0x0800751d    0x8a  Code  Gb  tasks.o [1]
xTaskCreate             0x08006ead    0x84  Code  Gb  tasks.o [1]
xTaskGetSchedulerState  0x080076ed    0x26  Code  Gb  tasks.o [1]
xTaskGetTickCount       0x08007275     0xa  Code  Gb  tasks.o [1]
xTaskGetTickCountFromISR
                        0x0800727f    0x16  Code  Gb  tasks.o [1]
xTaskIncrementTick      0x08007295   0x134  Code  Gb  tasks.o [1]
xTaskPriorityDisinherit
                        0x080077c5    0xba  Code  Gb  tasks.o [1]
xTaskRemoveFromEventList
                        0x0800746f    0x84  Code  Gb  tasks.o [1]
xTaskResumeAll          0x08007177    0xfe  Code  Gb  tasks.o [1]
xTasksWaitingTermination
                        0x2000997c    0x14  Data  Lc  tasks.o [1]
xTickCount              0x20009a6c     0x4  Data  Lc  tasks.o [1]
xYieldPending           0x20009a7c     0x4  Data  Lc  tasks.o [1]


[1] = E:\work\test2\counter\EWARM\counter\Obj
[2] = command line
[3] = dl7M_tlf.a
[4] = rt7M_tl.a
[5] = shb_l.a

  50 270 bytes of readonly  code memory
   1 060 bytes of readonly  data memory
  39 670 bytes of readwrite data memory

Errors: none
Warnings: none
